FedQHD Ablation Experiments  (CartPole-v1)
Metric   : Q_error
Episodes=500  Seeds=3  AggInterval=50
D grid      : [128, 256, 512, 1024, 2048, 4096, 8192]
m grid      : [51, 102, 256, 512, 1024, 2048]
lambda grid : [0.1, 1, 10, 100, 1000, 10000, 100000]
D_FIXED=512  M_FIXED=1000

Collecting 2048 anchor states …  (A1 needs up to 0, A2 needs 2048)
Collecting 400 held-out eval anchor states …
RFF kernel parameters:
OMEGA: (2048, 4)
B: (2048,)
  [Q*] Reference agent loaded ← results/ablation/ref_agent.npz  (D=2048, ε=0.010)

Computing / loading Q_star for 2048 anchors …
  [Q*] Vectorised MC rollouts: m=2048, n_mc=5 …
  [Q*]   action 0 done, Q range [1.00, 87.00]
  [Q*]   action 1 done, Q range [1.00, 88.59]
  [Q*] Done. Q* range: [1.000, 88.592]
  [Q*] Q_star saved → results/ablation/Q_star_m2048_nmc5.npz

Computing Q_star at 400 held-out eval anchors …
  [Q*] Q_star loaded from cache (results/ablation/Q_star_m400_nmc5.npz)

============================================================
Ablation 2: Vary m  [51, 102, 256, 512, 1024, 2048]  (D=512, λ=1e-04, ANALYTICAL)
============================================================
Ablation 2:   0%|          | 0/6 [00:00<?, ?it/s]RFF kernel parameters:
OMEGA: (512, 4)
B: (512,)
RFF kernel parameters:
OMEGA: (512, 4)
B: (512,)
RFF kernel parameters:
OMEGA: (512, 4)
B: (512,)
  m=   51  m/D=0.100  fed_gap=2941.6136 ± 653.0516
Ablation 2:  17%|█▋        | 1/6 [00:00<00:02,  2.44it/s]RFF kernel parameters:
OMEGA: (512, 4)
B: (512,)
RFF kernel parameters:
OMEGA: (512, 4)
B: (512,)
RFF kernel parameters:
OMEGA: (512, 4)
B: (512,)
  m=  102  m/D=0.199  fed_gap=348.3104 ± 39.1343
RFF kernel parameters:
OMEGA: (512, 4)
B: (512,)
RFF kernel parameters:
OMEGA: (512, 4)
B: (512,)
RFF kernel parameters:
OMEGA: (512, 4)
B: (512,)
  m=  256  m/D=0.500  fed_gap=37.1291 ± 3.8220
RFF kernel parameters:
OMEGA: (512, 4)
B: (512,)
RFF kernel parameters:
OMEGA: (512, 4)
B: (512,)
RFF kernel parameters:
OMEGA: (512, 4)
B: (512,)
  m=  512  m/D=1.000  fed_gap=19.7356 ± 1.5992
RFF kernel parameters:
OMEGA: (512, 4)
B: (512,)
RFF kernel parameters:
OMEGA: (512, 4)
B: (512,)
RFF kernel parameters:
OMEGA: (512, 4)
B: (512,)
  m= 1024  m/D=2.000  fed_gap=8.8597 ± 0.3419
Ablation 2:  83%|████████▎ | 5/6 [00:00<00:00, 10.79it/s]RFF kernel parameters:
OMEGA: (512, 4)
B: (512,)
RFF kernel parameters:
OMEGA: (512, 4)
B: (512,)
RFF kernel parameters:
OMEGA: (512, 4)
B: (512,)
  m= 2048  m/D=4.000  fed_gap=7.2969 ± 0.1021
Ablation 2: 100%|██████████| 6/6 [00:00<00:00,  9.35it/s]
Saved: results/ablation/ablation2_vary_m_Q_error.json
Saved: results/figures/ablation2_vary_m_Q_error.{pdf,png}
  (Skipping full consistency check — not all ablations ran)

Total time: 6.8s
