FedQHD Ablation Experiments  (CartPole-v1)
Metric   : all
Episodes=500  Seeds=3  AggInterval=50
D grid      : [128, 256, 512, 1024, 2048, 4096, 8192]
m grid      : [51, 102, 256, 512, 1024, 2048]
lambda grid : [0.1, 1, 10, 100, 1000, 10000, 100000]
D_FIXED=512  M_FIXED=1000

Collecting 2048 anchor states …  (A1 needs up to 0, A2 needs 2048)
Collecting 400 held-out eval anchor states …
  [Ref] training params: lr=0.0500  discount=0.99  eps_decay=0.99  n_eps=1000
RFF kernel parameters:
OMEGA: (2048, 4)
B: (2048,)
  [Q*] Reference agent loaded ← results/ablation/ref_agent.npz  (D=2048, ε=0.010)

  [RefCheck] V(π_ref) = 500.0  (threshold ≥ 480.0)  → CONVERGED ✓

Computing / loading Q_star for 2048 anchors …
  [Q*] Vectorised MC rollouts: m=2048, n_mc=5 …
  [Q*]   action 0 done, Q range [1.00, 95.14]
  [Q*]   action 1 done, Q range [1.00, 95.14]
  [Q*] Done. Q* range: [1.000, 95.145]
  [Q*] Q_star saved → results/ablation/Q_star_m2048_nmc5_g0p990.npz

Computing Q_star at 400 held-out eval anchors …
  [Q*] Vectorised MC rollouts: m=400, n_mc=5 …
  [Q*]   action 0 done, Q range [1.00, 95.14]
  [Q*]   action 1 done, Q range [1.00, 95.14]
  [Q*] Done. Q* range: [1.000, 95.145]
  [Q*] Q_star saved → results/ablation/Q_star_m400_nmc5_g0p990.npz

Computing oracle policy value …
  Oracle V(π*) = 500.00

============================================================
Ablation 2: Vary m  [51, 102, 256, 512, 1024, 2048]  (D=512, λ=1e-04, HYBRID)
============================================================
Ablation 2:   0%|          | 0/6 [00:00<?, ?it/s]RFF kernel parameters:
OMEGA: (512, 4)
B: (512,)
RFF kernel parameters:
OMEGA: (512, 4)
B: (512,)
RFF kernel parameters:
OMEGA: (512, 4)
B: (512,)
RFF kernel parameters:
OMEGA: (512, 4)
B: (512,)
RFF kernel parameters:
OMEGA: (512, 4)
B: (512,)
RFF kernel parameters:
OMEGA: (512, 4)
B: (512,)
RFF kernel parameters:
OMEGA: (512, 4)
B: (512,)
RFF kernel parameters:
OMEGA: (512, 4)
B: (512,)
RFF kernel parameters:
OMEGA: (512, 4)
B: (512,)
RFF kernel parameters:
OMEGA: (512, 4)
B: (512,)
RFF kernel parameters:
OMEGA: (512, 4)
B: (512,)
RFF kernel parameters:
OMEGA: (512, 4)
B: (512,)
RFF kernel parameters:
OMEGA: (512, 4)
B: (512,)
RFF kernel parameters:
OMEGA: (512, 4)
B: (512,)
RFF kernel parameters:
OMEGA: (512, 4)
B: (512,)
  m=   51  m/D=0.100  fed_gap=5767.0860 ± 2103.8594  pv=163.78 ± 13.03
Ablation 2:  17%|█▋        | 1/6 [00:50<04:10, 50.02s/it]RFF kernel parameters:
OMEGA: (512, 4)
B: (512,)
RFF kernel parameters:
OMEGA: (512, 4)
B: (512,)
RFF kernel parameters:
OMEGA: (512, 4)
B: (512,)
RFF kernel parameters:
OMEGA: (512, 4)
B: (512,)
RFF kernel parameters:
OMEGA: (512, 4)
B: (512,)
RFF kernel parameters:
OMEGA: (512, 4)
B: (512,)
RFF kernel parameters:
OMEGA: (512, 4)
B: (512,)
RFF kernel parameters:
OMEGA: (512, 4)
B: (512,)
RFF kernel parameters:
OMEGA: (512, 4)
B: (512,)
RFF kernel parameters:
OMEGA: (512, 4)
B: (512,)
RFF kernel parameters:
OMEGA: (512, 4)
B: (512,)
RFF kernel parameters:
OMEGA: (512, 4)
B: (512,)
RFF kernel parameters:
OMEGA: (512, 4)
B: (512,)
RFF kernel parameters:
OMEGA: (512, 4)
B: (512,)
RFF kernel parameters:
OMEGA: (512, 4)
B: (512,)
  m=  102  m/D=0.199  fed_gap=618.1098 ± 152.0379  pv=102.07 ± 29.78
Ablation 2:  33%|███▎      | 2/6 [01:31<03:00, 45.11s/it]RFF kernel parameters:
OMEGA: (512, 4)
B: (512,)
RFF kernel parameters:
OMEGA: (512, 4)
B: (512,)
RFF kernel parameters:
OMEGA: (512, 4)
B: (512,)
RFF kernel parameters:
OMEGA: (512, 4)
B: (512,)
RFF kernel parameters:
OMEGA: (512, 4)
B: (512,)
RFF kernel parameters:
OMEGA: (512, 4)
B: (512,)
RFF kernel parameters:
OMEGA: (512, 4)
B: (512,)
RFF kernel parameters:
OMEGA: (512, 4)
B: (512,)
RFF kernel parameters:
OMEGA: (512, 4)
B: (512,)
RFF kernel parameters:
OMEGA: (512, 4)
B: (512,)
RFF kernel parameters:
OMEGA: (512, 4)
B: (512,)
RFF kernel parameters:
OMEGA: (512, 4)
B: (512,)
RFF kernel parameters:
OMEGA: (512, 4)
B: (512,)
RFF kernel parameters:
OMEGA: (512, 4)
B: (512,)
RFF kernel parameters:
OMEGA: (512, 4)
B: (512,)
  m=  256  m/D=0.500  fed_gap=91.2148 ± 15.9134  pv=142.81 ± 66.60
Ablation 2:  50%|█████     | 3/6 [02:07<02:02, 40.83s/it]RFF kernel parameters:
OMEGA: (512, 4)
B: (512,)
RFF kernel parameters:
OMEGA: (512, 4)
B: (512,)
RFF kernel parameters:
OMEGA: (512, 4)
B: (512,)
RFF kernel parameters:
OMEGA: (512, 4)
B: (512,)
RFF kernel parameters:
OMEGA: (512, 4)
B: (512,)
RFF kernel parameters:
OMEGA: (512, 4)
B: (512,)
RFF kernel parameters:
OMEGA: (512, 4)
B: (512,)
RFF kernel parameters:
OMEGA: (512, 4)
B: (512,)
RFF kernel parameters:
OMEGA: (512, 4)
B: (512,)
RFF kernel parameters:
OMEGA: (512, 4)
B: (512,)
RFF kernel parameters:
OMEGA: (512, 4)
B: (512,)
RFF kernel parameters:
OMEGA: (512, 4)
B: (512,)
RFF kernel parameters:
OMEGA: (512, 4)
B: (512,)
RFF kernel parameters:
OMEGA: (512, 4)
B: (512,)
RFF kernel parameters:
OMEGA: (512, 4)
B: (512,)
  m=  512  m/D=1.000  fed_gap=35.1069 ± 1.0113  pv=102.09 ± 13.07
Ablation 2:  67%|██████▋   | 4/6 [02:43<01:17, 38.90s/it]RFF kernel parameters:
OMEGA: (512, 4)
B: (512,)
RFF kernel parameters:
OMEGA: (512, 4)
B: (512,)
RFF kernel parameters:
OMEGA: (512, 4)
B: (512,)
RFF kernel parameters:
OMEGA: (512, 4)
B: (512,)
RFF kernel parameters:
OMEGA: (512, 4)
B: (512,)
RFF kernel parameters:
OMEGA: (512, 4)
B: (512,)
RFF kernel parameters:
OMEGA: (512, 4)
B: (512,)
RFF kernel parameters:
OMEGA: (512, 4)
B: (512,)
RFF kernel parameters:
OMEGA: (512, 4)
B: (512,)
RFF kernel parameters:
OMEGA: (512, 4)
B: (512,)
RFF kernel parameters:
OMEGA: (512, 4)
B: (512,)
RFF kernel parameters:
OMEGA: (512, 4)
B: (512,)
RFF kernel parameters:
OMEGA: (512, 4)
B: (512,)
RFF kernel parameters:
OMEGA: (512, 4)
B: (512,)
RFF kernel parameters:
OMEGA: (512, 4)
B: (512,)
  m= 1024  m/D=2.000  fed_gap=18.5159 ± 0.7363  pv=154.41 ± 17.81
Ablation 2:  83%|████████▎ | 5/6 [03:20<00:38, 38.16s/it]RFF kernel parameters:
OMEGA: (512, 4)
B: (512,)
RFF kernel parameters:
OMEGA: (512, 4)
B: (512,)
RFF kernel parameters:
OMEGA: (512, 4)
B: (512,)
RFF kernel parameters:
OMEGA: (512, 4)
B: (512,)
RFF kernel parameters:
OMEGA: (512, 4)
B: (512,)
RFF kernel parameters:
OMEGA: (512, 4)
B: (512,)
RFF kernel parameters:
OMEGA: (512, 4)
B: (512,)
RFF kernel parameters:
OMEGA: (512, 4)
B: (512,)
RFF kernel parameters:
OMEGA: (512, 4)
B: (512,)
RFF kernel parameters:
OMEGA: (512, 4)
B: (512,)
RFF kernel parameters:
OMEGA: (512, 4)
B: (512,)
RFF kernel parameters:
OMEGA: (512, 4)
B: (512,)
RFF kernel parameters:
OMEGA: (512, 4)
B: (512,)
RFF kernel parameters:
OMEGA: (512, 4)
B: (512,)
RFF kernel parameters:
OMEGA: (512, 4)
B: (512,)
  m= 2048  m/D=4.000  fed_gap=14.6326 ± 0.2682  pv=166.81 ± 81.41
Ablation 2: 100%|██████████| 6/6 [03:57<00:00, 37.70s/it]Ablation 2: 100%|██████████| 6/6 [03:57<00:00, 39.50s/it]
Saved: results/ablation/ablation2_vary_m_all.json
Saved: results/figures/ablation2_vary_m_all.{pdf,png}
  (Skipping full consistency check — not all ablations ran)

Total time: 387.1s
