FedQHD Ablation Experiments  (CartPole-v1)
Metric   : Q_error
Episodes=400  Seeds=3  AggInterval=50
D grid      : [128, 256, 512, 1024, 2048]
m grid      : [64, 128, 256, 512, 1024]
lambda grid : [0.1, 1.0, 10.0, 100.0, 1000.0, 10000.0, 100000.0]
D_FIXED=512  M_FIXED=400

Collecting 8192 anchor states …  (A1 needs up to 8192, A2 needs 1024)
Collecting 400 held-out eval anchor states …
RFF kernel parameters:
OMEGA: (2048, 4)
B: (2048,)
  [Q*] Reference agent loaded ← results/ablation/ref_agent.npz  (D=2048, ε=0.049)

Computing / loading Q_star for 8192 anchors …
  [Q*] Cache anchor mismatch – recomputing …
  [Q*] Vectorised MC rollouts: m=8192, n_mc=5 …
  [Q*]   action 0 done, Q range [1.00, 82.07]
  [Q*]   action 1 done, Q range [1.00, 81.52]
  [Q*] Done. Q* range: [1.000, 82.068]
  [Q*] Q_star saved → results/ablation/Q_star_m8192_nmc5.npz

Computing Q_star at 400 held-out eval anchors …
  [Q*] Cache anchor mismatch – recomputing …
  [Q*] Vectorised MC rollouts: m=400, n_mc=5 …
  [Q*]   action 0 done, Q range [1.00, 64.84]
  [Q*]   action 1 done, Q range [1.00, 65.19]
  [Q*] Done. Q* range: [1.000, 65.191]
  [Q*] Q_star saved → results/ablation/Q_star_m400_nmc5.npz

============================================================
Ablation 1: Vary D  [128, 256, 512, 1024, 2048]  (m=8192(fixed), λ=1e-04, ANALYTICAL)
============================================================
Ablation 1:   0%|          | 0/5 [00:00<?, ?it/s]RFF kernel parameters:
OMEGA: (128, 4)
B: (128,)
RFF kernel parameters:
OMEGA: (128, 4)
B: (128,)
RFF kernel parameters:
OMEGA: (128, 4)
B: (128,)
  D=  128  m=  8192  fed_gap=6.5787 ± 0.1473
Ablation 1:  20%|██        | 1/5 [00:00<00:01,  3.04it/s]RFF kernel parameters:
OMEGA: (256, 4)
B: (256,)
RFF kernel parameters:
OMEGA: (256, 4)
B: (256,)
RFF kernel parameters:
OMEGA: (256, 4)
B: (256,)
  D=  256  m=  8192  fed_gap=6.2752 ± 0.2579
Ablation 1:  40%|████      | 2/5 [00:00<00:00,  3.80it/s]RFF kernel parameters:
OMEGA: (512, 4)
B: (512,)
RFF kernel parameters:
OMEGA: (512, 4)
B: (512,)
RFF kernel parameters:
OMEGA: (512, 4)
B: (512,)
  D=  512  m=  8192  fed_gap=6.1025 ± 0.0966
Ablation 1:  60%|██████    | 3/5 [00:01<00:00,  2.52it/s]RFF kernel parameters:
OMEGA: (1024, 4)
B: (1024,)
RFF kernel parameters:
OMEGA: (1024, 4)
B: (1024,)
RFF kernel parameters:
OMEGA: (1024, 4)
B: (1024,)
  D= 1024  m=  8192  fed_gap=6.0044 ± 0.0380
Ablation 1:  80%|████████  | 4/5 [00:02<00:00,  1.56it/s]RFF kernel parameters:
OMEGA: (2048, 4)
B: (2048,)
RFF kernel parameters:
OMEGA: (2048, 4)
B: (2048,)
RFF kernel parameters:
OMEGA: (2048, 4)
B: (2048,)
  D= 2048  m=  8192  fed_gap=6.2222 ± 0.0852
Ablation 1: 100%|██████████| 5/5 [00:04<00:00,  1.13s/it]Ablation 1: 100%|██████████| 5/5 [00:04<00:00,  1.21it/s]

============================================================
Ablation 2: Vary m  [64, 128, 256, 512, 1024]  (D=512, λ=1e-04, ANALYTICAL)
============================================================
Ablation 2:   0%|          | 0/5 [00:00<?, ?it/s]RFF kernel parameters:
OMEGA: (512, 4)
B: (512,)
RFF kernel parameters:
OMEGA: (512, 4)
B: (512,)
RFF kernel parameters:
OMEGA: (512, 4)
B: (512,)
  m=   64  m/D=0.125  fed_gap=240.9608 ± 12.0776
RFF kernel parameters:
OMEGA: (512, 4)
B: (512,)
RFF kernel parameters:
OMEGA: (512, 4)
B: (512,)
RFF kernel parameters:
OMEGA: (512, 4)
B: (512,)
  m=  128  m/D=0.250  fed_gap=130.5916 ± 18.6408
RFF kernel parameters:
OMEGA: (512, 4)
B: (512,)
RFF kernel parameters:
OMEGA: (512, 4)
B: (512,)
RFF kernel parameters:
OMEGA: (512, 4)
B: (512,)
  m=  256  m/D=0.500  fed_gap=81.7845 ± 13.7935
RFF kernel parameters:
OMEGA: (512, 4)
B: (512,)
RFF kernel parameters:
OMEGA: (512, 4)
B: (512,)
RFF kernel parameters:
OMEGA: (512, 4)
B: (512,)
  m=  512  m/D=1.000  fed_gap=42.3523 ± 24.7915
Ablation 2:  80%|████████  | 4/5 [00:00<00:00, 35.83it/s]RFF kernel parameters:
OMEGA: (512, 4)
B: (512,)
RFF kernel parameters:
OMEGA: (512, 4)
B: (512,)
RFF kernel parameters:
OMEGA: (512, 4)
B: (512,)
  m= 1024  m/D=2.000  fed_gap=8.8460 ± 0.2741
Ablation 2: 100%|██████████| 5/5 [00:00<00:00, 30.70it/s]

============================================================
Ablation 3: Vary λ  [0.1, 1.0, 10.0, 100.0, 1000.0, 10000.0, 100000.0]  (D=512, m=400)
  Theory: α* ≈ 25.60, λ* ≈ 10240.0
============================================================
Ablation 3:   0%|          | 0/7 [00:00<?, ?it/s]RFF kernel parameters:
OMEGA: (512, 4)
B: (512,)
RFF kernel parameters:
OMEGA: (512, 4)
B: (512,)
RFF kernel parameters:
OMEGA: (512, 4)
B: (512,)
RFF kernel parameters:
OMEGA: (512, 4)
B: (512,)
RFF kernel parameters:
OMEGA: (512, 4)
B: (512,)
RFF kernel parameters:
OMEGA: (512, 4)
B: (512,)
RFF kernel parameters:
OMEGA: (512, 4)
B: (512,)
RFF kernel parameters:
OMEGA: (512, 4)
B: (512,)
RFF kernel parameters:
OMEGA: (512, 4)
B: (512,)
RFF kernel parameters:
OMEGA: (512, 4)
B: (512,)
RFF kernel parameters:
OMEGA: (512, 4)
B: (512,)
RFF kernel parameters:
OMEGA: (512, 4)
B: (512,)
  λ=1e-01  α=2.50e-04  fed_gap=23.5713 ± 1.0484
Ablation 3:  14%|█▍        | 1/7 [00:20<02:00, 20.09s/it]RFF kernel parameters:
OMEGA: (512, 4)
B: (512,)
RFF kernel parameters:
OMEGA: (512, 4)
B: (512,)
RFF kernel parameters:
OMEGA: (512, 4)
B: (512,)
RFF kernel parameters:
OMEGA: (512, 4)
B: (512,)
RFF kernel parameters:
OMEGA: (512, 4)
B: (512,)
RFF kernel parameters:
OMEGA: (512, 4)
B: (512,)
RFF kernel parameters:
OMEGA: (512, 4)
B: (512,)
RFF kernel parameters:
OMEGA: (512, 4)
B: (512,)
RFF kernel parameters:
OMEGA: (512, 4)
B: (512,)
RFF kernel parameters:
OMEGA: (512, 4)
B: (512,)
RFF kernel parameters:
OMEGA: (512, 4)
B: (512,)
RFF kernel parameters:
OMEGA: (512, 4)
B: (512,)
  λ=1e+00  α=2.50e-03  fed_gap=14.8124 ± 3.3645
Ablation 3:  29%|██▊       | 2/7 [00:34<01:22, 16.48s/it]RFF kernel parameters:
OMEGA: (512, 4)
B: (512,)
RFF kernel parameters:
OMEGA: (512, 4)
B: (512,)
RFF kernel parameters:
OMEGA: (512, 4)
B: (512,)
RFF kernel parameters:
OMEGA: (512, 4)
B: (512,)
RFF kernel parameters:
OMEGA: (512, 4)
B: (512,)
RFF kernel parameters:
OMEGA: (512, 4)
B: (512,)
RFF kernel parameters:
OMEGA: (512, 4)
B: (512,)
RFF kernel parameters:
OMEGA: (512, 4)
B: (512,)
RFF kernel parameters:
OMEGA: (512, 4)
B: (512,)
RFF kernel parameters:
OMEGA: (512, 4)
B: (512,)
RFF kernel parameters:
OMEGA: (512, 4)
B: (512,)
RFF kernel parameters:
OMEGA: (512, 4)
B: (512,)
  λ=1e+01  α=2.50e-02  fed_gap=12.6871 ± 0.1777
Ablation 3:  43%|████▎     | 3/7 [00:44<00:55, 13.75s/it]RFF kernel parameters:
OMEGA: (512, 4)
B: (512,)
RFF kernel parameters:
OMEGA: (512, 4)
B: (512,)
RFF kernel parameters:
OMEGA: (512, 4)
B: (512,)
RFF kernel parameters:
OMEGA: (512, 4)
B: (512,)
RFF kernel parameters:
OMEGA: (512, 4)
B: (512,)
RFF kernel parameters:
OMEGA: (512, 4)
B: (512,)
RFF kernel parameters:
OMEGA: (512, 4)
B: (512,)
RFF kernel parameters:
OMEGA: (512, 4)
B: (512,)
RFF kernel parameters:
OMEGA: (512, 4)
B: (512,)
RFF kernel parameters:
OMEGA: (512, 4)
B: (512,)
RFF kernel parameters:
OMEGA: (512, 4)
B: (512,)
RFF kernel parameters:
OMEGA: (512, 4)
B: (512,)
  λ=1e+02  α=2.50e-01  fed_gap=13.8727 ± 0.6176
Ablation 3:  57%|█████▋    | 4/7 [00:54<00:36, 12.24s/it]RFF kernel parameters:
OMEGA: (512, 4)
B: (512,)
RFF kernel parameters:
OMEGA: (512, 4)
B: (512,)
RFF kernel parameters:
OMEGA: (512, 4)
B: (512,)
RFF kernel parameters:
OMEGA: (512, 4)
B: (512,)
RFF kernel parameters:
OMEGA: (512, 4)
B: (512,)
RFF kernel parameters:
OMEGA: (512, 4)
B: (512,)
RFF kernel parameters:
OMEGA: (512, 4)
B: (512,)
RFF kernel parameters:
OMEGA: (512, 4)
B: (512,)
RFF kernel parameters:
OMEGA: (512, 4)
B: (512,)
RFF kernel parameters:
OMEGA: (512, 4)
B: (512,)
RFF kernel parameters:
OMEGA: (512, 4)
B: (512,)
RFF kernel parameters:
OMEGA: (512, 4)
B: (512,)
  λ=1e+03  α=2.50e+00  fed_gap=24.4698 ± 0.4114
Ablation 3:  71%|███████▏  | 5/7 [01:01<00:20, 10.31s/it]RFF kernel parameters:
OMEGA: (512, 4)
B: (512,)
RFF kernel parameters:
OMEGA: (512, 4)
B: (512,)
RFF kernel parameters:
OMEGA: (512, 4)
B: (512,)
RFF kernel parameters:
OMEGA: (512, 4)
B: (512,)
RFF kernel parameters:
OMEGA: (512, 4)
B: (512,)
RFF kernel parameters:
OMEGA: (512, 4)
B: (512,)
RFF kernel parameters:
OMEGA: (512, 4)
B: (512,)
RFF kernel parameters:
OMEGA: (512, 4)
B: (512,)
RFF kernel parameters:
OMEGA: (512, 4)
B: (512,)
RFF kernel parameters:
OMEGA: (512, 4)
B: (512,)
RFF kernel parameters:
OMEGA: (512, 4)
B: (512,)
RFF kernel parameters:
OMEGA: (512, 4)
B: (512,)
  λ=1e+04  α=2.50e+01  fed_gap=25.7933 ± 0.0217
Ablation 3:  86%|████████▌ | 6/7 [01:06<00:08,  8.58s/it]RFF kernel parameters:
OMEGA: (512, 4)
B: (512,)
RFF kernel parameters:
OMEGA: (512, 4)
B: (512,)
RFF kernel parameters:
OMEGA: (512, 4)
B: (512,)
RFF kernel parameters:
OMEGA: (512, 4)
B: (512,)
RFF kernel parameters:
OMEGA: (512, 4)
B: (512,)
RFF kernel parameters:
OMEGA: (512, 4)
B: (512,)
RFF kernel parameters:
OMEGA: (512, 4)
B: (512,)
RFF kernel parameters:
OMEGA: (512, 4)
B: (512,)
RFF kernel parameters:
OMEGA: (512, 4)
B: (512,)
RFF kernel parameters:
OMEGA: (512, 4)
B: (512,)
RFF kernel parameters:
OMEGA: (512, 4)
B: (512,)
RFF kernel parameters:
OMEGA: (512, 4)
B: (512,)
  λ=1e+05  α=2.50e+02  fed_gap=25.9149 ± 0.0180
Ablation 3: 100%|██████████| 7/7 [01:11<00:00,  7.34s/it]Ablation 3: 100%|██████████| 7/7 [01:11<00:00, 10.19s/it]
Saved: results/ablation/ablation1_vary_D_Q_error.json
Saved: results/ablation/ablation2_vary_m_Q_error.json
Saved: results/ablation/ablation3_vary_lambda_Q_error.json
Saved: results/figures/ablation1_vary_D_Q_error.{pdf,png}  (slope=-0.022)
Saved: results/figures/ablation2_vary_m_Q_error.{pdf,png}
Saved: results/figures/ablation3_vary_lambda_Q_error.{pdf,png}  (best λ=1e+01)

============================================================
Consistency Check  (metric=Q_error)
============================================================
  [A1] Fed. Gap slope: -0.022  expected ≈ -0.50  → WARN ✗
  [A1] Fed. Gap  D_min > D_max: 6.5787 > 6.2222  → PASS ✓
  [A2] Fed. Gap  m/D_min > m/D_max: 240.9608 > 8.8460  → PASS ✓
  [A2] Under-param err > over-param err: 151.1123 > 25.5992  → PASS ✓
  [A3] Fed. Gap U-shape: min at λ=1e+01 (idx 2/6)  → PASS ✓

  Overall: SOME ISSUES — inspect plots

Total time: 125.9s
7.4s
